---
source: tui/src/bottom_pane/chat_composer.rs
expression: terminal.backend()
---
"⎺⎺⎺⎺⎺⎺⎺⎺⎺⎺⎺⎺⎺⎺⎺⎺⎺⎺⎺⎺⎺⎺⎺⎺⎺⎺⎺⎺⎺⎺⎺⎺⎺⎺⎺⎺⎺⎺⎺⎺⎺⎺⎺⎺⎺⎺⎺⎺⎺⎺⎺⎺⎺⎺⎺⎺⎺⎺⎺⎺"
"› /mo                                                       "
"                                                            "
"  /model  choose provider, model, reasoning effort, and     "
"          harness                                           "
