---
source: tui/src/bottom_pane/chat_composer.rs
expression: terminal.backend()
---
"› /model  choose provider, model, reasoning effort, and     "
"                                                            "
"› /mo                                                       "
"                                                            "
"                                         100% context left  "
