---
source: tui/src/chatwidget/tests/exec_flow.rs
expression: normalized_backend_snapshot(terminal.backend())
---
"                                                                                "
"• Interpreting (0s • esc to interrupt) · 1 background terminal running · /ps to…"
"                                                                                "
"────────────────────────────────────────────────────────────────────────────────"
"› Ask Codex to do anything                                                      "
"                                                                                "
"  openai gpt-5.6-sol default · native · read-only, no-network · /tmp/project    "
