---
source: tui/src/chatwidget/tests/side.rs
expression: terminal.backend()
---
"                                                                                "
"────────────────────────────────────────────────────────────────────────────────"
"› Check recently modified functions for compatibility                           "
"                                                                                "
"  openai gpt-5.6-… Side from main thread · main needs input · Ctrl+C to return  "
