---
source: tui/src/history_cell/tests.rs
expression: rendered
---
╭──────────────────────────────────────────────────────────────────────────────────────────────────────────────────────────────────────────────────────────────╮
│ ✨ Update available! 0.0.0 -> 9.9.9                                                                                                                          │
│ Run sh -c "curl -fsSL https://github.com/KillianLucas/oix/releases/latest/download/install.sh | CODEX_NON_INTERACTIVE=1 CODEX_GITHUB_REPO=KillianLucas/oix   │
│ CODEX_INSTALL_PRODUCT_NAME='Open Interpreter' CODEX_PACKAGE_ASSET_STEM=open-interpreter-package CODEX_COMMAND_NAME=interpreter                               │
│ CODEX_RELEASE_TAG_PREFIX=rust-v sh" to update.                                                                                                               │
│                                                                                                                                                              │
│ See full release notes:                                                                                                                                      │
│ https://github.com/KillianLucas/oix/releases/latest                                                                                                          │
╰──────────────────────────────────────────────────────────────────────────────────────────────────────────────────────────────────────────────────────────────╯
